Archive member included to satisfy reference by file (symbol)

c:/ac6/systemworkbench/plugins/fr.ac6.mcu.externaltools.arm-none.win32_1.17.0.201812190825/tools/compiler/bin/../lib/gcc/arm-none-eabi/7.3.1/thumb/v7e-m/fpv4-sp/hard\libgcc.a(_aeabi_uldivmod.o)
                              Drivers/STM32F4xx_HAL_Driver/stm32f4xx_hal_rcc.o (__aeabi_uldivmod)
c:/ac6/systemworkbench/plugins/fr.ac6.mcu.externaltools.arm-none.win32_1.17.0.201812190825/tools/compiler/bin/../lib/gcc/arm-none-eabi/7.3.1/thumb/v7e-m/fpv4-sp/hard\libgcc.a(_udivmoddi4.o)
                              c:/ac6/systemworkbench/plugins/fr.ac6.mcu.externaltools.arm-none.win32_1.17.0.201812190825/tools/compiler/bin/../lib/gcc/arm-none-eabi/7.3.1/thumb/v7e-m/fpv4-sp/hard\libgcc.a(_aeabi_uldivmod.o) (__udivmoddi4)
c:/ac6/systemworkbench/plugins/fr.ac6.mcu.externaltools.arm-none.win32_1.17.0.201812190825/tools/compiler/bin/../lib/gcc/arm-none-eabi/7.3.1/thumb/v7e-m/fpv4-sp/hard\libgcc.a(_dvmd_tls.o)
                              c:/ac6/systemworkbench/plugins/fr.ac6.mcu.externaltools.arm-none.win32_1.17.0.201812190825/tools/compiler/bin/../lib/gcc/arm-none-eabi/7.3.1/thumb/v7e-m/fpv4-sp/hard\libgcc.a(_aeabi_uldivmod.o) (__aeabi_ldiv0)
c:/ac6/systemworkbench/plugins/fr.ac6.mcu.externaltools.arm-none.win32_1.17.0.201812190825/tools/compiler/bin/../lib/gcc/arm-none-eabi/7.3.1/../../../../arm-none-eabi/lib/thumb/v7e-m/fpv4-sp/hard\libc_nano.a(lib_a-errno.o)
                              Application/SW4STM32/syscalls.o (__errno)
c:/ac6/systemworkbench/plugins/fr.ac6.mcu.externaltools.arm-none.win32_1.17.0.201812190825/tools/compiler/bin/../lib/gcc/arm-none-eabi/7.3.1/../../../../arm-none-eabi/lib/thumb/v7e-m/fpv4-sp/hard\libc_nano.a(lib_a-exit.o)
                              c:/ac6/systemworkbench/plugins/fr.ac6.mcu.externaltools.arm-none.win32_1.17.0.201812190825/tools/compiler/bin/../lib/gcc/arm-none-eabi/7.3.1/../../../../arm-none-eabi/lib/thumb/v7e-m/fpv4-sp/hard/crt0.o (exit)
c:/ac6/systemworkbench/plugins/fr.ac6.mcu.externaltools.arm-none.win32_1.17.0.201812190825/tools/compiler/bin/../lib/gcc/arm-none-eabi/7.3.1/../../../../arm-none-eabi/lib/thumb/v7e-m/fpv4-sp/hard\libc_nano.a(lib_a-impure.o)
                              c:/ac6/systemworkbench/plugins/fr.ac6.mcu.externaltools.arm-none.win32_1.17.0.201812190825/tools/compiler/bin/../lib/gcc/arm-none-eabi/7.3.1/../../../../arm-none-eabi/lib/thumb/v7e-m/fpv4-sp/hard\libc_nano.a(lib_a-exit.o) (_global_impure_ptr)
c:/ac6/systemworkbench/plugins/fr.ac6.mcu.externaltools.arm-none.win32_1.17.0.201812190825/tools/compiler/bin/../lib/gcc/arm-none-eabi/7.3.1/../../../../arm-none-eabi/lib/thumb/v7e-m/fpv4-sp/hard\libc_nano.a(lib_a-init.o)
                              c:/ac6/systemworkbench/plugins/fr.ac6.mcu.externaltools.arm-none.win32_1.17.0.201812190825/tools/compiler/bin/../lib/gcc/arm-none-eabi/7.3.1/../../../../arm-none-eabi/lib/thumb/v7e-m/fpv4-sp/hard/crt0.o (__libc_init_array)
c:/ac6/systemworkbench/plugins/fr.ac6.mcu.externaltools.arm-none.win32_1.17.0.201812190825/tools/compiler/bin/../lib/gcc/arm-none-eabi/7.3.1/../../../../arm-none-eabi/lib/thumb/v7e-m/fpv4-sp/hard\libc_nano.a(lib_a-memset.o)
                              c:/ac6/systemworkbench/plugins/fr.ac6.mcu.externaltools.arm-none.win32_1.17.0.201812190825/tools/compiler/bin/../lib/gcc/arm-none-eabi/7.3.1/../../../../arm-none-eabi/lib/thumb/v7e-m/fpv4-sp/hard/crt0.o (memset)
c:/ac6/systemworkbench/plugins/fr.ac6.mcu.externaltools.arm-none.win32_1.17.0.201812190825/tools/compiler/bin/../lib/gcc/arm-none-eabi/7.3.1/../../../../arm-none-eabi/lib/thumb/v7e-m/fpv4-sp/hard\libc_nano.a(lib_a-sprintf.o)
                              Application/User/Core/main.o (sprintf)
c:/ac6/systemworkbench/plugins/fr.ac6.mcu.externaltools.arm-none.win32_1.17.0.201812190825/tools/compiler/bin/../lib/gcc/arm-none-eabi/7.3.1/../../../../arm-none-eabi/lib/thumb/v7e-m/fpv4-sp/hard\libc_nano.a(lib_a-strlen.o)
                              Application/User/Core/main.o (strlen)
c:/ac6/systemworkbench/plugins/fr.ac6.mcu.externaltools.arm-none.win32_1.17.0.201812190825/tools/compiler/bin/../lib/gcc/arm-none-eabi/7.3.1/../../../../arm-none-eabi/lib/thumb/v7e-m/fpv4-sp/hard\libc_nano.a(lib_a-nano-svfprintf.o)
                              c:/ac6/systemworkbench/plugins/fr.ac6.mcu.externaltools.arm-none.win32_1.17.0.201812190825/tools/compiler/bin/../lib/gcc/arm-none-eabi/7.3.1/../../../../arm-none-eabi/lib/thumb/v7e-m/fpv4-sp/hard\libc_nano.a(lib_a-sprintf.o) (_svfprintf_r)
c:/ac6/systemworkbench/plugins/fr.ac6.mcu.externaltools.arm-none.win32_1.17.0.201812190825/tools/compiler/bin/../lib/gcc/arm-none-eabi/7.3.1/../../../../arm-none-eabi/lib/thumb/v7e-m/fpv4-sp/hard\libc_nano.a(lib_a-nano-vfprintf_i.o)
[...]
Memory Configuration

Name             Origin             Length             Attributes
RAM              0x20000000         0x00020000         xrw
FLASH            0x08000000         0x00080000         xr
*default*        0x00000000         0xffffffff

Linker script and memory map

LOAD c:/ac6/systemworkbench/plugins/fr.ac6.mcu.externaltools.arm-none.win32_1.17.0.201812190825/tools/compiler/bin/../lib/gcc/arm-none-eabi/7.3.1/thumb/v7e-m/fpv4-sp/hard/crti.o
LOAD c:/ac6/systemworkbench/plugins/fr.ac6.mcu.externaltools.arm-none.win32_1.17.0.201812190825/tools/compiler/bin/../lib/gcc/arm-none-eabi/7.3.1/thumb/v7e-m/fpv4-sp/hard/crtbegin.o
LOAD c:/ac6/systemworkbench/plugins/fr.ac6.mcu.externaltools.arm-none.win32_1.17.0.201812190825/tools/compiler/bin/../lib/gcc/arm-none-eabi/7.3.1/../../../../arm-none-eabi/lib/thumb/v7e-m/fpv4-sp/hard/crt0.o
LOAD Application/SW4STM32/startup_stm32f411xe.o
LOAD Application/SW4STM32/syscalls.o
LOAD Application/User/Core/main.o
LOAD Application/User/Core/stm32f4xx_hal_msp.o
LOAD Application/User/Core/stm32f4xx_it.o
LOAD Drivers/CMSIS/system_stm32f4xx.o
LOAD Drivers/STM32F4xx_HAL_Driver/stm32f4xx_hal.o
LOAD Drivers/STM32F4xx_HAL_Driver/stm32f4xx_hal_adc.o
LOAD Drivers/STM32F4xx_HAL_Driver/stm32f4xx_hal_adc_ex.o
LOAD Drivers/STM32F4xx_HAL_Driver/stm32f4xx_hal_cortex.o
LOAD Drivers/STM32F4xx_HAL_Driver/stm32f4xx_hal_dma.o
LOAD Drivers/STM32F4xx_HAL_Driver/stm32f4xx_hal_dma_ex.o
LOAD Drivers/STM32F4xx_HAL_Driver/stm32f4xx_hal_exti.o
LOAD Drivers/STM32F4xx_HAL_Driver/stm32f4xx_hal_flash.o
LOAD Drivers/STM32F4xx_HAL_Driver/stm32f4xx_hal_flash_ex.o
LOAD Drivers/STM32F4xx_HAL_Driver/stm32f4xx_hal_flash_ramfunc.o
LOAD Drivers/STM32F4xx_HAL_Driver/stm32f4xx_hal_gpio.o
LOAD Drivers/STM32F4xx_HAL_Driver/stm32f4xx_hal_pwr.o
LOAD Drivers/STM32F4xx_HAL_Driver/stm32f4xx_hal_pwr_ex.o
LOAD Drivers/STM32F4xx_HAL_Driver/stm32f4xx_hal_rcc.o
LOAD Drivers/STM32F4xx_HAL_Driver/stm32f4xx_hal_rcc_ex.o
LOAD Drivers/STM32F4xx_HAL_Driver/stm32f4xx_hal_tim.o
LOAD Drivers/STM32F4xx_HAL_Driver/stm32f4xx_hal_tim_ex.o
LOAD Drivers/STM32F4xx_HAL_Driver/stm32f4xx_hal_uart.o
LOAD c:/ac6/systemworkbench/plugins/fr.ac6.mcu.externaltools.arm-none.win32_1.17.0.201812190825/tools/compiler/bin/../lib/gcc/arm-none-eabi/7.3.1/../../../../arm-none-eabi/lib/thumb/v7e-m/fpv4-sp/hard\libm.a
START GROUP
LOAD c:/ac6/systemworkbench/plugins/fr.ac6.mcu.externaltools.arm-none.win32_1.17.0.201812190825/tools/compiler/bin/../lib/gcc/arm-none-eabi/7.3.1/thumb/v7e-m/fpv4-sp/hard\libgcc.a
LOAD c:/ac6/systemworkbench/plugins/fr.ac6.mcu.externaltools.arm-none.win32_1.17.0.201812190825/tools/compiler/bin/../lib/gcc/arm-none-eabi/7.3.1/../../../../arm-none-eabi/lib/thumb/v7e-m/fpv4-sp/hard\libc_nano.a
END GROUP
START GROUP
LOAD c:/ac6/systemworkbench/plugins/fr.ac6.mcu.externaltools.arm-none.win32_1.17.0.201812190825/tools/compiler/bin/../lib/gcc/arm-none-eabi/7.3.1/thumb/v7e-m/fpv4-sp/hard\libgcc.a
LOAD c:/ac6/systemworkbench/plugins/fr.ac6.mcu.externaltools.arm-none.win32_1.17.0.201812190825/tools/compiler/bin/../lib/gcc/arm-none-eabi/7.3.1/../../../../arm-none-eabi/lib/thumb/v7e-m/fpv4-sp/hard\libc_nano.a
LOAD c:/ac6/systemworkbench/plugins/fr.ac6.mcu.externaltools.arm-none.win32_1.17.0.201812190825/tools/compiler/bin/../lib/gcc/arm-none-eabi/7.3.1/../../../../arm-none-eabi/lib/thumb/v7e-m/fpv4-sp/hard\libnosys.a
END GROUP
START GROUP
LOAD c:/ac6/systemworkbench/plugins/fr.ac6.mcu.externaltools.arm-none.win32_1.17.0.201812190825/tools/compiler/bin/../lib/gcc/arm-none-eabi/7.3.1/thumb/v7e-m/fpv4-sp/hard\libgcc.a
LOAD c:/ac6/systemworkbench/plugins/fr.ac6.mcu.externaltools.arm-none.win32_1.17.0.201812190825/tools/compiler/bin/../lib/gcc/arm-none-eabi/7.3.1/../../../../arm-none-eabi/lib/thumb/v7e-m/fpv4-sp/hard\libc_nano.a
LOAD c:/ac6/systemworkbench/plugins/fr.ac6.mcu.externaltools.arm-none.win32_1.17.0.201812190825/tools/compiler/bin/../lib/gcc/arm-none-eabi/7.3.1/../../../../arm-none-eabi/lib/thumb/v7e-m/fpv4-sp/hard\libnosys.a
END GROUP
LOAD c:/ac6/systemworkbench/plugins/fr.ac6.mcu.externaltools.arm-none.win32_1.17.0.201812190825/tools/compiler/bin/../lib/gcc/arm-none-eabi/7.3.1/thumb/v7e-m/fpv4-sp/hard/crtend.o
LOAD c:/ac6/systemworkbench/plugins/fr.ac6.mcu.externaltools.arm-none.win32_1.17.0.201812190825/tools/compiler/bin/../lib/gcc/arm-none-eabi/7.3.1/thumb/v7e-m/fpv4-sp/hard/crtn.o
                0x20020000                _estack = 0x20020000
                0x00000200                _Min_Heap_Size = 0x200
                0x00000400                _Min_Stack_Size = 0x400

.isr_vector     0x08000000      0x198
                0x08000000                . = ALIGN (0x4)
 *(.isr_vector)
 .isr_vector    0x08000000      0x198 Application/SW4STM32/startup_stm32f411xe.o
                0x08000000                g_pfnVectors
                0x08000198                . = ALIGN (0x4)

.text           0x080001a0     0x2bb0
                0x080001a0                . = ALIGN (0x4)
 *(.text)
 .text          0x080001a0       0x40 c:/ac6/systemworkbench/plugins/fr.ac6.mcu.externaltools.arm-none.win32_1.17.0.201812190825/tools/compiler/bin/../lib/gcc/arm-none-eabi/7.3.1/thumb/v7e-m/fpv4-sp/hard/crtbegin.o
 .text          0x080001e0       0x30 c:/ac6/systemworkbench/plugins/fr.ac6.mcu.externaltools.arm-none.win32_1.17.0.201812190825/tools/compiler/bin/../lib/gcc/arm-none-eabi/7.3.1/thumb/v7e-m/fpv4-sp/hard\libgcc.a(_aeabi_uldivmod.o)
                0x080001e0                __aeabi_uldivmod
 .text          0x08000210      0x2cc c:/ac6/systemworkbench/plugins/fr.ac6.mcu.externaltools.arm-none.win32_1.17.0.201812190825/tools/compiler/bin/../lib/gcc/arm-none-eabi/7.3.1/thumb/v7e-m/fpv4-sp/hard\libgcc.a(_udivmoddi4.o)
                0x08000210                __udivmoddi4
 .text          0x080004dc        0x4 c:/ac6/systemworkbench/plugins/fr.ac6.mcu.externaltools.arm-none.win32_1.17.0.201812190825/tools/compiler/bin/../lib/gcc/arm-none-eabi/7.3.1/thumb/v7e-m/fpv4-sp/hard\libgcc.a(_dvmd_tls.o)
                0x080004dc                __aeabi_idiv0
                0x080004dc                __aeabi_ldiv0
 .text          0x080004e0       0xa0 c:/ac6/systemworkbench/plugins/fr.ac6.mcu.externaltools.arm-none.win32_1.17.0.201812190825/tools/compiler/bin/../lib/gcc/arm-none-eabi/7.3.1/../../../../arm-none-eabi/lib/thumb/v7e-m/fpv4-sp/hard\libc_nano.a(lib_a-memchr.o)
                0x080004e0                memchr
 *(.text*)
 .text.Reset_Handler
                0x08000580       0x50 Application/SW4STM32/startup_stm32f411xe.o
                0x08000580                Reset_Handler
 .text.Default_Handler
                0x080005d0        0x2 Application/SW4STM32/startup_stm32f411xe.o
                0x080005d0                RTC_Alarm_IRQHandler
                0x080005d0                EXTI2_IRQHandler
                0x080005d0                SPI4_IRQHandler
                0x080005d0                TIM1_CC_IRQHandler
                0x080005d0                DMA2_Stream5_IRQHandler
                0x080005d0                DMA1_Stream5_IRQHandler
                0x080005d0                PVD_IRQHandler
                0x080005d0                SDIO_IRQHandler
                0x080005d0                TAMP_STAMP_IRQHandler
                0x080005d0                EXTI3_IRQHandler
                0x080005d0                TIM1_UP_TIM10_IRQHandler
                0x080005d0                I2C3_ER_IRQHandler
                0x080005d0                EXTI0_IRQHandler
                0x080005d0                I2C2_EV_IRQHandler
                0x080005d0                DMA1_Stream2_IRQHandler
                0x080005d0                FPU_IRQHandler
                0x080005d0                SPI1_IRQHandler
                0x080005d0                TIM1_BRK_TIM9_IRQHandler
                0x080005d0                DMA2_Stream3_IRQHandler
                0x080005d0                USART6_IRQHandler
                0x080005d0                TIM4_IRQHandler
                0x080005d0                I2C1_EV_IRQHandler
                0x080005d0                DMA1_Stream6_IRQHandler
                0x080005d0                DMA1_Stream1_IRQHandler
                0x080005d0                TIM3_IRQHandler
                0x080005d0                RCC_IRQHandler
                0x080005d0                Default_Handler
                0x080005d0                EXTI15_10_IRQHandler
                0x080005d0                ADC_IRQHandler
                0x080005d0                DMA1_Stream7_IRQHandler
                0x080005d0                SPI5_IRQHandler
                0x080005d0                TIM5_IRQHandler
                0x080005d0                I2C3_EV_IRQHandler
                0x080005d0                EXTI9_5_IRQHandler
                0x080005d0                RTC_WKUP_IRQHandler
                0x080005d0                SPI2_IRQHandler
                0x080005d0                DMA1_Stream0_IRQHandler
                0x080005d0                EXTI4_IRQHandler
                0x080005d0                WWDG_IRQHandler
                0x080005d0                TIM2_IRQHandler
                0x080005d0                OTG_FS_WKUP_IRQHandler
                0x080005d0                TIM1_TRG_COM_TIM11_IRQHandler
                0x080005d0                EXTI1_IRQHandler
                0x080005d0                USART2_IRQHandler
                0x080005d0                I2C2_ER_IRQHandler
                0x080005d0                DMA2_Stream1_IRQHandler
                0x080005d0                FLASH_IRQHandler
                0x080005d0                DMA2_Stream4_IRQHandler
                0x080005d0                OTG_FS_IRQHandler
                0x080005d0                SPI3_IRQHandler
                0x080005d0                DMA1_Stream4_IRQHandler
                0x080005d0                I2C1_ER_IRQHandler
                0x080005d0                DMA2_Stream6_IRQHandler
                0x080005d0                DMA1_Stream3_IRQHandler
 *fill*         0x080005d2        0x2 
 .text._sbrk    0x080005d4       0x3c Application/SW4STM32/syscalls.o
                0x080005d4                _sbrk
 .text.MX_GPIO_Init
                0x08000610       0xa4 Application/User/Core/main.o
 .text.MX_DMA_Init
                0x080006b4       0x54 Application/User/Core/main.o
 .text.MX_USART1_UART_Init
                0x08000708       0x2c Application/User/Core/main.o
 .text.MX_ADC1_Init
                0x08000734       0x5c Application/User/Core/main.o
 .text.HAL_ADC_ConvCpltCallback
                0x08000790       0x2c Application/User/Core/main.o
                0x08000790                HAL_ADC_ConvCpltCallback
 .text.SystemClock_Config
                0x080007bc       0x90 Application/User/Core/main.o
                0x080007bc                SystemClock_Config
 .text.main     0x0800084c       0x30 Application/User/Core/main.o
                0x0800084c                main
 .text.Error_Handler
                0x0800087c        0x2 Application/User/Core/main.o
                0x0800087c                Error_Handler
 *fill*         0x0800087e        0x2 
 .text.HAL_MspInit
                0x08000880       0x40 Application/User/Core/stm32f4xx_hal_msp.o
                0x08000880                HAL_MspInit
 .text.HAL_ADC_MspInit
                0x080008c0       0xac Application/User/Core/stm32f4xx_hal_msp.o
                0x080008c0                HAL_ADC_MspInit
 .text.HAL_UART_MspInit
                0x0800096c      0x100 Application/User/Core/stm32f4xx_hal_msp.o
                0x0800096c                HAL_UART_MspInit
 .text.NMI_Handler
                0x08000a6c        0x2 Application/User/Core/stm32f4xx_it.o
                0x08000a6c                NMI_Handler
 .text.HardFault_Handler
                0x08000a6e        0x2 Application/User/Core/stm32f4xx_it.o
                0x08000a6e                HardFault_Handler
 .text.MemManage_Handler
                0x08000a70        0x2 Application/User/Core/stm32f4xx_it.o
                0x08000a70                MemManage_Handler
 .text.BusFault_Handler
                0x08000a72        0x2 Application/User/Core/stm32f4xx_it.o
                0x08000a72                BusFault_Handler
 .text.UsageFault_Handler
                0x08000a74        0x2 Application/User/Core/stm32f4xx_it.o
                0x08000a74                UsageFault_Handler
 .text.SVC_Handler
                0x08000a76        0x2 Application/User/Core/stm32f4xx_it.o
                0x08000a76                SVC_Handler
 .text.DebugMon_Handler
                0x08000a78        0x2 Application/User/Core/stm32f4xx_it.o
                0x08000a78                DebugMon_Handler
 .text.PendSV_Handler
                0x08000a7a        0x2 Application/User/Core/stm32f4xx_it.o
                0x08000a7a                PendSV_Handler
 .text.SysTick_Handler
                0x08000a7c        0x8 Application/User/Core/stm32f4xx_it.o
                0x08000a7c                SysTick_Handler
 .text.USART1_IRQHandler
                0x08000a84       0x10 Application/User/Core/stm32f4xx_it.o
                0x08000a84                USART1_IRQHandler
 .text.DMA2_Stream0_IRQHandler
                0x08000a94       0x10 Application/User/Core/stm32f4xx_it.o
                0x08000a94                DMA2_Stream0_IRQHandler
 .text.DMA2_Stream2_IRQHandler
                0x08000aa4       0x10 Application/User/Core/stm32f4xx_it.o
                0x08000aa4                DMA2_Stream2_IRQHandler
 .text.DMA2_Stream7_IRQHandler
                0x08000ab4       0x10 Application/User/Core/stm32f4xx_it.o
                0x08000ab4                DMA2_Stream7_IRQHandler
 .text.SystemInit
                0x08000ac4       0x4c Drivers/CMSIS/system_stm32f4xx.o
                0x08000ac4                SystemInit
 .text.HAL_InitTick
                0x08000b10       0x48 Drivers/STM32F4xx_HAL_Driver/stm32f4xx_hal.o
                0x08000b10                HAL_InitTick
 .text.HAL_Init
                0x08000b58       0x34 Drivers/STM32F4xx_HAL_Driver/stm32f4xx_hal.o
                0x08000b58                HAL_Init
 .text.HAL_IncTick
                0x08000b8c       0x18 Drivers/STM32F4xx_HAL_Driver/stm32f4xx_hal.o
                0x08000b8c                HAL_IncTick
 .text.HAL_GetTick
                0x08000ba4        0xc Drivers/STM32F4xx_HAL_Driver/stm32f4xx_hal.o
                0x08000ba4                HAL_GetTick
 .text.ADC_Init
                0x08000bb0      0x134 Drivers/STM32F4xx_HAL_Driver/stm32f4xx_hal_adc.o
 .text.HAL_ADC_Init
                0x08000ce4       0x56 Drivers/STM32F4xx_HAL_Driver/stm32f4xx_hal_adc.o
                0x08000ce4                HAL_ADC_Init
 *fill*         0x08000d3a        0x2 
 .text.HAL_ADC_Start_DMA
                0x08000d3c      0x144 Drivers/STM32F4xx_HAL_Driver/stm32f4xx_hal_adc.o
                0x08000d3c                HAL_ADC_Start_DMA
 .text.HAL_ADC_ConvHalfCpltCallback
                0x08000e80        0x2 Drivers/STM32F4xx_HAL_Driver/stm32f4xx_hal_adc.o
                0x08000e80                HAL_ADC_ConvHalfCpltCallback
 .text.ADC_DMAHalfConvCplt
                0x08000e82        0xa Drivers/STM32F4xx_HAL_Driver/stm32f4xx_hal_adc.o
 .text.HAL_ADC_ErrorCallback
                0x08000e8c        0x2 Drivers/STM32F4xx_HAL_Driver/stm32f4xx_hal_adc.o
                0x08000e8c                HAL_ADC_ErrorCallback
 .text.ADC_DMAError
                0x08000e8e       0x16 Drivers/STM32F4xx_HAL_Driver/stm32f4xx_hal_adc.o
 .text.ADC_DMAConvCplt
                0x08000ea4       0x72 Drivers/STM32F4xx_HAL_Driver/stm32f4xx_hal_adc.o
 *fill*         0x08000f16        0x2 
 .text.HAL_ADC_ConfigChannel
                0x08000f18      0x1a4 Drivers/STM32F4xx_HAL_Driver/stm32f4xx_hal_adc.o
                0x08000f18                HAL_ADC_ConfigChannel
 .text.HAL_NVIC_SetPriorityGrouping
                0x080010bc       0x24 Drivers/STM32F4xx_HAL_Driver/stm32f4xx_hal_cortex.o
                0x080010bc                HAL_NVIC_SetPriorityGrouping
 .text.HAL_NVIC_SetPriority
                0x080010e0       0x68 Drivers/STM32F4xx_HAL_Driver/stm32f4xx_hal_cortex.o
                0x080010e0                HAL_NVIC_SetPriority
 .text.HAL_NVIC_EnableIRQ
                0x08001148       0x1c Drivers/STM32F4xx_HAL_Driver/stm32f4xx_hal_cortex.o
                0x08001148                HAL_NVIC_EnableIRQ
 .text.HAL_SYSTICK_Config
                0x08001164       0x2c Drivers/STM32F4xx_HAL_Driver/stm32f4xx_hal_cortex.o
                0x08001164                HAL_SYSTICK_Config
 .text.DMA_SetConfig
                0x08001190       0x2c Drivers/STM32F4xx_HAL_Driver/stm32f4xx_hal_dma.o
 .text.DMA_CalcBaseAndBitshift
                0x080011bc       0x3c Drivers/STM32F4xx_HAL_Driver/stm32f4xx_hal_dma.o
 .text.DMA_CheckFifoParam
                0x080011f8       0x8e Drivers/STM32F4xx_HAL_Driver/stm32f4xx_hal_dma.o
 *fill*         0x08001286        0x2 
 .text.HAL_DMA_Init
                0x08001288       0xcc Drivers/STM32F4xx_HAL_Driver/stm32f4xx_hal_dma.o
                0x08001288                HAL_DMA_Init
 .text.HAL_DMA_Start_IT
                0x08001354       0x74 Drivers/STM32F4xx_HAL_Driver/stm32f4xx_hal_dma.o
                0x08001354                HAL_DMA_Start_IT
 .text.HAL_DMA_Abort_IT
                0x080013c8       0x26 Drivers/STM32F4xx_HAL_Driver/stm32f4xx_hal_dma.o
                0x080013c8                HAL_DMA_Abort_IT
 *fill*         0x080013ee        0x2 
 .text.HAL_DMA_IRQHandler
                0x080013f0      0x1dc Drivers/STM32F4xx_HAL_Driver/stm32f4xx_hal_dma.o
                0x080013f0                HAL_DMA_IRQHandler
 .text.HAL_GPIO_Init
                0x080015cc      0x1a4 Drivers/STM32F4xx_HAL_Driver/stm32f4xx_hal_gpio.o
                0x080015cc                HAL_GPIO_Init
 .text.HAL_GPIO_WritePin
                0x08001770        0xc Drivers/STM32F4xx_HAL_Driver/stm32f4xx_hal_gpio.o
                0x08001770                HAL_GPIO_WritePin
 .text.HAL_RCC_OscConfig
                0x0800177c      0x398 Drivers/STM32F4xx_HAL_Driver/stm32f4xx_hal_rcc.o
                0x0800177c                HAL_RCC_OscConfig
 .text.HAL_RCC_GetSysClockFreq
                0x08001b14       0xd8 Drivers/STM32F4xx_HAL_Driver/stm32f4xx_hal_rcc.o
                0x08001b14                HAL_RCC_GetSysClockFreq
 .text.HAL_RCC_ClockConfig
                0x08001bec      0x158 Drivers/STM32F4xx_HAL_Driver/stm32f4xx_hal_rcc.o
                0x08001bec                HAL_RCC_ClockConfig
 .text.HAL_RCC_GetHCLKFreq
                0x08001d44        0xc Drivers/STM32F4xx_HAL_Driver/stm32f4xx_hal_rcc.o
                0x08001d44                HAL_RCC_GetHCLKFreq
 .text.HAL_RCC_GetPCLK1Freq
                0x08001d50       0x20 Drivers/STM32F4xx_HAL_Driver/stm32f4xx_hal_rcc.o
                0x08001d50                HAL_RCC_GetPCLK1Freq
 .text.HAL_RCC_GetPCLK2Freq
                0x08001d70       0x20 Drivers/STM32F4xx_HAL_Driver/stm32f4xx_hal_rcc.o
                0x08001d70                HAL_RCC_GetPCLK2Freq
 .text.UART_EndTxTransfer
                0x08001d90       0x12 Drivers/STM32F4xx_HAL_Driver/stm32f4xx_hal_uart.o
 .text.UART_EndRxTransfer
                0x08001da2       0x1c Drivers/STM32F4xx_HAL_Driver/stm32f4xx_hal_uart.o
 .text.UART_Transmit_IT
                0x08001dbe       0x68 Drivers/STM32F4xx_HAL_Driver/stm32f4xx_hal_uart.o
 *fill*         0x08001e26        0x2 
 .text.UART_SetConfig
                0x08001e28      0x334 Drivers/STM32F4xx_HAL_Driver/stm32f4xx_hal_uart.o
 .text.HAL_UART_Init
                0x0800215c       0x5e Drivers/STM32F4xx_HAL_Driver/stm32f4xx_hal_uart.o
                0x0800215c                HAL_UART_Init
 *fill*         0x080021ba        0x2 
 .text.HAL_UART_Transmit_DMA
                0x080021bc       0x8c Drivers/STM32F4xx_HAL_Driver/stm32f4xx_hal_uart.o
                0x080021bc                HAL_UART_Transmit_DMA
 .text.HAL_UART_TxCpltCallback
                0x08002248        0x2 Drivers/STM32F4xx_HAL_Driver/stm32f4xx_hal_uart.o
                0x08002248                HAL_UART_TxCpltCallback
 .text.UART_DMATransmitCplt
                0x0800224a       0x30 Drivers/STM32F4xx_HAL_Driver/stm32f4xx_hal_uart.o
 .text.UART_EndTransmit_IT
                0x0800227a       0x1a Drivers/STM32F4xx_HAL_Driver/stm32f4xx_hal_uart.o
 .text.HAL_UART_TxHalfCpltCallback
                0x08002294        0x2 Drivers/STM32F4xx_HAL_Driver/stm32f4xx_hal_uart.o
                0x08002294                HAL_UART_TxHalfCpltCallback
 .text.UART_DMATxHalfCplt
                0x08002296        0xa Drivers/STM32F4xx_HAL_Driver/stm32f4xx_hal_uart.o
 .text.HAL_UART_RxCpltCallback
                0x080022a0        0x2 Drivers/STM32F4xx_HAL_Driver/stm32f4xx_hal_uart.o
                0x080022a0                HAL_UART_RxCpltCallback
 .text.UART_Receive_IT
                0x080022a2       0x9c Drivers/STM32F4xx_HAL_Driver/stm32f4xx_hal_uart.o
 .text.HAL_UART_ErrorCallback
                0x0800233e        0x2 Drivers/STM32F4xx_HAL_Driver/stm32f4xx_hal_uart.o
                0x0800233e                HAL_UART_ErrorCallback
 .text.UART_DMAError
                0x08002340       0x58 Drivers/STM32F4xx_HAL_Driver/stm32f4xx_hal_uart.o
 .text.HAL_UART_IRQHandler
                0x08002398      0x120 Drivers/STM32F4xx_HAL_Driver/stm32f4xx_hal_uart.o
                0x08002398                HAL_UART_IRQHandler
 .text.UART_DMAAbortOnError
                0x080024b8       0x10 Drivers/STM32F4xx_HAL_Driver/stm32f4xx_hal_uart.o
 .text.__errno  0x080024c8        0xc c:/ac6/systemworkbench/plugins/fr.ac6.mcu.externaltools.arm-none.win32_1.17.0.201812190825/tools/compiler/bin/../lib/gcc/arm-none-eabi/7.3.1/../../../../arm-none-eabi/lib/thumb/v7e-m/fpv4-sp/hard\libc_nano.a(lib_a-errno.o)
                0x080024c8                __errno
 .text.__libc_init_array
                0x080024d4       0x48 c:/ac6/systemworkbench/plugins/fr.ac6.mcu.externaltools.arm-none.win32_1.17.0.201812190825/tools/compiler/bin/../lib/gcc/arm-none-eabi/7.3.1/../../../../arm-none-eabi/lib/thumb/v7e-m/fpv4-sp/hard\libc_nano.a(lib_a-init.o)
                0x080024d4                __libc_init_array
 .text.memset   0x0800251c       0x10 c:/ac6/systemworkbench/plugins/fr.ac6.mcu.externaltools.arm-none.win32_1.17.0.201812190825/tools/compiler/bin/../lib/gcc/arm-none-eabi/7.3.1/../../../../arm-none-eabi/lib/thumb/v7e-m/fpv4-sp/hard\libc_nano.a(lib_a-memset.o)
                0x0800251c                memset
 .text.sprintf  0x0800252c       0x40 c:/ac6/systemworkbench/plugins/fr.ac6.mcu.externaltools.arm-none.win32_1.17.0.201812190825/tools/compiler/bin/../lib/gcc/arm-none-eabi/7.3.1/../../../../arm-none-eabi/lib/thumb/v7e-m/fpv4-sp/hard\libc_nano.a(lib_a-sprintf.o)
                0x0800252c                siprintf
                0x0800252c                sprintf
 .text.__ssputs_r
                0x0800256c       0xb4 c:/ac6/systemworkbench/plugins/fr.ac6.mcu.externaltools.arm-none.win32_1.17.0.201812190825/tools/compiler/bin/../lib/gcc/arm-none-eabi/7.3.1/../../../../arm-none-eabi/lib/thumb/v7e-m/fpv4-sp/hard\libc_nano.a(lib_a-nano-svfprintf.o)
                0x0800256c                __ssputs_r
 .text._svfprintf_r
                0x08002620      0x1f0 c:/ac6/systemworkbench/plugins/fr.ac6.mcu.externaltools.arm-none.win32_1.17.0.201812190825/tools/compiler/bin/../lib/gcc/arm-none-eabi/7.3.1/../../../../arm-none-eabi/lib/thumb/v7e-m/fpv4-sp/hard\libc_nano.a(lib_a-nano-svfprintf.o)
                0x08002620                _svfiprintf_r
                0x08002620                _svfprintf_r
 .text._printf_common
                0x08002810       0xea c:/ac6/systemworkbench/plugins/fr.ac6.mcu.externaltools.arm-none.win32_1.17.0.201812190825/tools/compiler/bin/../lib/gcc/arm-none-eabi/7.3.1/../../../../arm-none-eabi/lib/thumb/v7e-m/fpv4-sp/hard\libc_nano.a(lib_a-nano-vfprintf_i.o)
                0x08002810                _printf_common
 *fill*         0x080028fa        0x2 
 .text._printf_i
                0x080028fc      0x224 c:/ac6/systemworkbench/plugins/fr.ac6.mcu.externaltools.arm-none.win32_1.17.0.201812190825/tools/compiler/bin/../lib/gcc/arm-none-eabi/7.3.1/../../../../arm-none-eabi/lib/thumb/v7e-m/fpv4-sp/hard\libc_nano.a(lib_a-nano-vfprintf_i.o)
                0x080028fc                _printf_i
 .text.memcpy   0x08002b20       0x16 c:/ac6/systemworkbench/plugins/fr.ac6.mcu.externaltools.arm-none.win32_1.17.0.201812190825/tools/compiler/bin/../lib/gcc/arm-none-eabi/7.3.1/../../../../arm-none-eabi/lib/thumb/v7e-m/fpv4-sp/hard\libc_nano.a(lib_a-memcpy-stub.o)
                0x08002b20                memcpy
 .text.memmove  0x08002b36       0x32 c:/ac6/systemworkbench/plugins/fr.ac6.mcu.externaltools.arm-none.win32_1.17.0.201812190825/tools/compiler/bin/../lib/gcc/arm-none-eabi/7.3.1/../../../../arm-none-eabi/lib/thumb/v7e-m/fpv4-sp/hard\libc_nano.a(lib_a-memmove.o)
                0x08002b36                memmove
 .text._free_r  0x08002b68       0x9c c:/ac6/systemworkbench/plugins/fr.ac6.mcu.externaltools.arm-none.win32_1.17.0.201812190825/tools/compiler/bin/../lib/gcc/arm-none-eabi/7.3.1/../../../../arm-none-eabi/lib/thumb/v7e-m/fpv4-sp/hard\libc_nano.a(lib_a-nano-freer.o)
                0x08002b68                _free_r
 .text._malloc_r
                0x08002c04       0xb4 c:/ac6/systemworkbench/plugins/fr.ac6.mcu.externaltools.arm-none.win32_1.17.0.201812190825/tools/compiler/bin/../lib/gcc/arm-none-eabi/7.3.1/../../../../arm-none-eabi/lib/thumb/v7e-m/fpv4-sp/hard\libc_nano.a(lib_a-nano-mallocr.o)
                0x08002c04                _malloc_r
 .text._realloc_r
                0x08002cb8       0x4c c:/ac6/systemworkbench/plugins/fr.ac6.mcu.externaltools.arm-none.win32_1.17.0.201812190825/tools/compiler/bin/../lib/gcc/arm-none-eabi/7.3.1/../../../../arm-none-eabi/lib/thumb/v7e-m/fpv4-sp/hard\libc_nano.a(lib_a-nano-reallocr.o)
                0x08002cb8                _realloc_r
 .text._sbrk_r  0x08002d04       0x20 c:/ac6/systemworkbench/plugins/fr.ac6.mcu.externaltools.arm-none.win32_1.17.0.201812190825/tools/compiler/bin/../lib/gcc/arm-none-eabi/7.3.1/../../../../arm-none-eabi/lib/thumb/v7e-m/fpv4-sp/hard\libc_nano.a(lib_a-sbrkr.o)
                0x08002d04                _sbrk_r
 .text.__malloc_lock
                0x08002d24        0x2 c:/ac6/systemworkbench/plugins/fr.ac6.mcu.externaltools.arm-none.win32_1.17.0.201812190825/tools/compiler/bin/../lib/gcc/arm-none-eabi/7.3.1/../../../../arm-none-eabi/lib/thumb/v7e-m/fpv4-sp/hard\libc_nano.a(lib_a-mlock.o)
                0x08002d24                __malloc_lock
 .text.__malloc_unlock
                0x08002d26        0x2 c:/ac6/systemworkbench/plugins/fr.ac6.mcu.externaltools.arm-none.win32_1.17.0.201812190825/tools/compiler/bin/../lib/gcc/arm-none-eabi/7.3.1/../../../../arm-none-eabi/lib/thumb/v7e-m/fpv4-sp/hard\libc_nano.a(lib_a-mlock.o)
                0x08002d26                __malloc_unlock
 .text._malloc_usable_size_r
                0x08002d28       0x10 c:/ac6/systemworkbench/plugins/fr.ac6.mcu.externaltools.arm-none.win32_1.17.0.201812190825/tools/compiler/bin/../lib/gcc/arm-none-eabi/7.3.1/../../../../arm-none-eabi/lib/thumb/v7e-m/fpv4-sp/hard\libc_nano.a(lib_a-nano-msizer.o)
                0x08002d28                _malloc_usable_size_r
 *(.glue_7)
 .glue_7        0x08002d38        0x0 linker stubs
 *(.glue_7t)
 .glue_7t       0x08002d38        0x0 linker stubs
 *(.eh_frame)
 .eh_frame      0x08002d38        0x0 c:/ac6/systemworkbench/plugins/fr.ac6.mcu.externaltools.arm-none.win32_1.17.0.201812190825/tools/compiler/bin/../lib/gcc/arm-none-eabi/7.3.1/thumb/v7e-m/fpv4-sp/hard/crtbegin.o
 *(.init)
 .init          0x08002d38        0x4 c:/ac6/systemworkbench/plugins/fr.ac6.mcu.externaltools.arm-none.win32_1.17.0.201812190825/tools/compiler/bin/../lib/gcc/arm-none-eabi/7.3.1/thumb/v7e-m/fpv4-sp/hard/crti.o
                0x08002d38                _init
 .init          0x08002d3c        0x8 c:/ac6/systemworkbench/plugins/fr.ac6.mcu.externaltools.arm-none.win32_1.17.0.201812190825/tools/compiler/bin/../lib/gcc/arm-none-eabi/7.3.1/thumb/v7e-m/fpv4-sp/hard/crtn.o
 *(.fini)
 .fini          0x08002d44        0x4 c:/ac6/systemworkbench/plugins/fr.ac6.mcu.externaltools.arm-none.win32_1.17.0.201812190825/tools/compiler/bin/../lib/gcc/arm-none-eabi/7.3.1/thumb/v7e-m/fpv4-sp/hard/crti.o
                0x08002d44                _fini
 .fini          0x08002d48        0x8 c:/ac6/systemworkbench/plugins/fr.ac6.mcu.externaltools.arm-none.win32_1.17.0.201812190825/tools/compiler/bin/../lib/gcc/arm-none-eabi/7.3.1/thumb/v7e-m/fpv4-sp/hard/crtn.o
                0x08002d50                . = ALIGN (0x4)
                0x08002d50                _etext = .

.vfp11_veneer   0x08002d50        0x0
 .vfp11_veneer  0x08002d50        0x0 linker stubs

.v4_bx          0x08002d50        0x0
 .v4_bx         0x08002d50        0x0 linker stubs

.iplt           0x08002d50        0x0
 .iplt          0x08002d50        0x0 c:/ac6/systemworkbench/plugins/fr.ac6.mcu.externaltools.arm-none.win32_1.17.0.201812190825/tools/compiler/bin/../lib/gcc/arm-none-eabi/7.3.1/thumb/v7e-m/fpv4-sp/hard/crtbegin.o

.rodata         0x08002d50       0x5c
                0x08002d50                . = ALIGN (0x4)
 *(.rodata)
 .rodata        0x08002d50       0x18 Drivers/CMSIS/system_stm32f4xx.o
                0x08002d50                AHBPrescTable
                0x08002d60                APBPrescTable
 .rodata        0x08002d68        0x8 Drivers/STM32F4xx_HAL_Driver/stm32f4xx_hal_dma.o
 *(.rodata*)
 .rodata.str1.4
                0x08002d70        0x8 Application/User/Core/main.o
                                  0x6 (size before relaxing)
 .rodata._svfprintf_r.str1.1
                0x08002d78       0x11 c:/ac6/systemworkbench/plugins/fr.ac6.mcu.externaltools.arm-none.win32_1.17.0.201812190825/tools/compiler/bin/../lib/gcc/arm-none-eabi/7.3.1/../../../../arm-none-eabi/lib/thumb/v7e-m/fpv4-sp/hard\libc_nano.a(lib_a-nano-svfprintf.o)
 .rodata._printf_i.str1.1
                0x08002d89       0x22 c:/ac6/systemworkbench/plugins/fr.ac6.mcu.externaltools.arm-none.win32_1.17.0.201812190825/tools/compiler/bin/../lib/gcc/arm-none-eabi/7.3.1/../../../../arm-none-eabi/lib/thumb/v7e-m/fpv4-sp/hard\libc_nano.a(lib_a-nano-vfprintf_i.o)
                0x08002dac                . = ALIGN (0x4)
 *fill*         0x08002dab        0x1 

.ARM.extab
 *(.ARM.extab* .gnu.linkonce.armextab.*)

.ARM            0x08002dac        0x8
                0x08002dac                __exidx_start = .
 *(.ARM.exidx*)
 .ARM.exidx     0x08002dac        0x8 c:/ac6/systemworkbench/plugins/fr.ac6.mcu.externaltools.arm-none.win32_1.17.0.201812190825/tools/compiler/bin/../lib/gcc/arm-none-eabi/7.3.1/thumb/v7e-m/fpv4-sp/hard\libgcc.a(_udivmoddi4.o)
                0x08002db4                __exidx_end = .

.rel.dyn        0x08002db4        0x0
 .rel.iplt      0x08002db4        0x0 c:/ac6/systemworkbench/plugins/fr.ac6.mcu.externaltools.arm-none.win32_1.17.0.201812190825/tools/compiler/bin/../lib/gcc/arm-none-eabi/7.3.1/thumb/v7e-m/fpv4-sp/hard/crtbegin.o

.preinit_array  0x08002db4        0x0
                0x08002db4                PROVIDE (__preinit_array_start = .)
 *(.preinit_array*)
                0x08002db4                PROVIDE (__preinit_array_end = .)

.init_array     0x08002db4        0x4
                0x08002db4                PROVIDE (__init_array_start = .)
 *(SORT_BY_NAME(.init_array.*))
 *(.init_array*)
 .init_array    0x08002db4        0x4 c:/ac6/systemworkbench/plugins/fr.ac6.mcu.externaltools.arm-none.win32_1.17.0.201812190825/tools/compiler/bin/../lib/gcc/arm-none-eabi/7.3.1/thumb/v7e-m/fpv4-sp/hard/crtbegin.o
                0x08002db8                PROVIDE (__init_array_end = .)

.fini_array     0x08002db8        0x4
                [!provide]                PROVIDE (__fini_array_start = .)
 *(SORT_BY_NAME(.fini_array.*))
 *(.fini_array*)
 .fini_array    0x08002db8        0x4 c:/ac6/systemworkbench/plugins/fr.ac6.mcu.externaltools.arm-none.win32_1.17.0.201812190825/tools/compiler/bin/../lib/gcc/arm-none-eabi/7.3.1/thumb/v7e-m/fpv4-sp/hard/crtbegin.o
                [!provide]                PROVIDE (__fini_array_end = .)
                0x08002dbc                _sidata = LOADADDR (.data)

.data           0x20000000       0x70 load address 0x08002dbc
                0x20000000                . = ALIGN (0x4)
                0x20000000                _sdata = .
 *(.data)
 .data          0x20000000        0x4 Drivers/CMSIS/system_stm32f4xx.o
                0x20000000                SystemCoreClock
 .data          0x20000004        0x8 Drivers/STM32F4xx_HAL_Driver/stm32f4xx_hal.o
                0x20000004                uwTickFreq
                0x20000008                uwTickPrio
 *(.data*)
 .data._impure_ptr
                0x2000000c        0x4 c:/ac6/systemworkbench/plugins/fr.ac6.mcu.externaltools.arm-none.win32_1.17.0.201812190825/tools/compiler/bin/../lib/gcc/arm-none-eabi/7.3.1/../../../../arm-none-eabi/lib/thumb/v7e-m/fpv4-sp/hard\libc_nano.a(lib_a-impure.o)
                0x2000000c                _impure_ptr
 .data.impure_data
                0x20000010       0x60 c:/ac6/systemworkbench/plugins/fr.ac6.mcu.externaltools.arm-none.win32_1.17.0.201812190825/tools/compiler/bin/../lib/gcc/arm-none-eabi/7.3.1/../../../../arm-none-eabi/lib/thumb/v7e-m/fpv4-sp/hard\libc_nano.a(lib_a-impure.o)
                0x20000070                . = ALIGN (0x4)
                0x20000070                _edata = .

.igot.plt       0x20000070        0x0 load address 0x08002e2c
 .igot.plt      0x20000070        0x0 c:/ac6/systemworkbench/plugins/fr.ac6.mcu.externaltools.arm-none.win32_1.17.0.201812190825/tools/compiler/bin/../lib/gcc/arm-none-eabi/7.3.1/thumb/v7e-m/fpv4-sp/hard/crtbegin.o
                0x20000070                . = ALIGN (0x4)

.bss            0x20000070      0x1e0 load address 0x08002e2c
                0x20000070                _sbss = .
                0x20000070                __bss_start__ = _sbss
 *(.bss)
 .bss           0x20000070       0x1c c:/ac6/systemworkbench/plugins/fr.ac6.mcu.externaltools.arm-none.win32_1.17.0.201812190825/tools/compiler/bin/../lib/gcc/arm-none-eabi/7.3.1/thumb/v7e-m/fpv4-sp/hard/crtbegin.o
 .bss           0x2000008c        0x8 Application/SW4STM32/syscalls.o
                0x20000090                __env
 *(.bss*)
 .bss.__malloc_free_list
                0x20000094        0x4 c:/ac6/systemworkbench/plugins/fr.ac6.mcu.externaltools.arm-none.win32_1.17.0.201812190825/tools/compiler/bin/../lib/gcc/arm-none-eabi/7.3.1/../../../../arm-none-eabi/lib/thumb/v7e-m/fpv4-sp/hard\libc_nano.a(lib_a-nano-mallocr.o)
                0x20000094                __malloc_free_list
 .bss.__malloc_sbrk_start
                0x20000098        0x4 c:/ac6/systemworkbench/plugins/fr.ac6.mcu.externaltools.arm-none.win32_1.17.0.201812190825/tools/compiler/bin/../lib/gcc/arm-none-eabi/7.3.1/../../../../arm-none-eabi/lib/thumb/v7e-m/fpv4-sp/hard\libc_nano.a(lib_a-nano-mallocr.o)
                0x20000098                __malloc_sbrk_start
 *(COMMON)
 COMMON         0x2000009c      0x1ac Application/User/Core/main.o
                0x2000009c                PomiarADC
                0x200000a0                hdma_usart1_tx
                0x20000100                hadc1
                0x20000148                hdma_usart1_rx
                0x200001a8                huart1
                0x200001e8                hdma_adc1
 COMMON         0x20000248        0x4 Drivers/STM32F4xx_HAL_Driver/stm32f4xx_hal.o
                0x20000248                uwTick
 COMMON         0x2000024c        0x4 c:/ac6/systemworkbench/plugins/fr.ac6.mcu.externaltools.arm-none.win32_1.17.0.201812190825/tools/compiler/bin/../lib/gcc/arm-none-eabi/7.3.1/../../../../arm-none-eabi/lib/thumb/v7e-m/fpv4-sp/hard\libc_nano.a(lib_a-reent.o)
                0x2000024c                errno
                0x20000250                . = ALIGN (0x4)
                0x20000250                _ebss = .
                0x20000250                __bss_end__ = _ebss

._user_heap_stack
                0x20000250      0x600 load address 0x08002e2c
                0x20000250                . = ALIGN (0x8)
                0x20000250                PROVIDE (end = .)
                [!provide]                PROVIDE (_end = .)
                0x20000450                . = (. + _Min_Heap_Size)
 *fill*         0x20000250      0x200 
                0x20000850                . = (. + _Min_Stack_Size)
 *fill*         0x20000450      0x400 
                0x20000850                . = ALIGN (0x8)

/DISCARD/
 libc.a(*)
 libm.a(*)
 libgcc.a(*)

.ARM.attributes
                0x00000000       0x30
 *(.ARM.attributes)
 .ARM.attributes
                0x00000000       0x22 c:/ac6/systemworkbench/plugins/fr.ac6.mcu.externaltools.arm-none.win32_1.17.0.201812190825/tools/compiler/bin/../lib/gcc/arm-none-eabi/7.3.1/thumb/v7e-m/fpv4-sp/hard/crti.o
 .ARM.attributes
                0x00000022       0x34 c:/ac6/systemworkbench/plugins/fr.ac6.mcu.externaltools.arm-none.win32_1.17.0.201812190825/tools/compiler/bin/../lib/gcc/arm-none-eabi/7.3.1/thumb/v7e-m/fpv4-sp/hard/crtbegin.o
 .ARM.attributes
                0x00000056       0x21 Application/SW4STM32/startup_stm32f411xe.o
 .ARM.attributes
                0x00000077       0x39 Application/SW4STM32/syscalls.o
 .ARM.attributes
                0x000000b0       0x39 Application/User/Core/main.o
 .ARM.attributes
                0x000000e9       0x39 Application/User/Core/stm32f4xx_hal_msp.o
 .ARM.attributes
                0x00000122       0x39 Application/User/Core/stm32f4xx_it.o
 .ARM.attributes
                0x0000015b       0x39 Drivers/CMSIS/system_stm32f4xx.o
 .ARM.attributes
                0x00000194       0x39 Drivers/STM32F4xx_HAL_Driver/stm32f4xx_hal.o
 .ARM.attributes
                0x000001cd       0x39 Drivers/STM32F4xx_HAL_Driver/stm32f4xx_hal_adc.o
 .ARM.attributes
                0x00000206       0x39 Drivers/STM32F4xx_HAL_Driver/stm32f4xx_hal_cortex.o
 .ARM.attributes
                0x0000023f       0x39 Drivers/STM32F4xx_HAL_Driver/stm32f4xx_hal_dma.o
 .ARM.attributes
                0x00000278       0x39 Drivers/STM32F4xx_HAL_Driver/stm32f4xx_hal_gpio.o
 .ARM.attributes
                0x000002b1       0x39 Drivers/STM32F4xx_HAL_Driver/stm32f4xx_hal_rcc.o
 .ARM.attributes
                0x000002ea       0x39 Drivers/STM32F4xx_HAL_Driver/stm32f4xx_hal_uart.o
 .ARM.attributes
                0x00000323       0x22 c:/ac6/systemworkbench/plugins/fr.ac6.mcu.externaltools.arm-none.win32_1.17.0.201812190825/tools/compiler/bin/../lib/gcc/arm-none-eabi/7.3.1/thumb/v7e-m/fpv4-sp/hard\libgcc.a(_aeabi_uldivmod.o)
 .ARM.attributes
                0x00000345       0x34 c:/ac6/systemworkbench/plugins/fr.ac6.mcu.externaltools.arm-none.win32_1.17.0.201812190825/tools/compiler/bin/../lib/gcc/arm-none-eabi/7.3.1/thumb/v7e-m/fpv4-sp/hard\libgcc.a(_udivmoddi4.o)
 .ARM.attributes
                0x00000379       0x22 c:/ac6/systemworkbench/plugins/fr.ac6.mcu.externaltools.arm-none.win32_1.17.0.201812190825/tools/compiler/bin/../lib/gcc/arm-none-eabi/7.3.1/thumb/v7e-m/fpv4-sp/hard\libgcc.a(_dvmd_tls.o)
 .ARM.attributes
                0x0000039b       0x34 c:/ac6/systemworkbench/plugins/fr.ac6.mcu.externaltools.arm-none.win32_1.17.0.201812190825/tools/compiler/bin/../lib/gcc/arm-none-eabi/7.3.1/../../../../arm-none-eabi/lib/thumb/v7e-m/fpv4-sp/hard\libc_nano.a(lib_a-errno.o)
 .ARM.attributes
                0x000003cf       0x34 c:/ac6/systemworkbench/plugins/fr.ac6.mcu.externaltools.arm-none.win32_1.17.0.201812190825/tools/compiler/bin/../lib/gcc/arm-none-eabi/7.3.1/../../../../arm-none-eabi/lib/thumb/v7e-m/fpv4-sp/hard\libc_nano.a(lib_a-impure.o)
 .ARM.attributes
                0x00000403       0x34 c:/ac6/systemworkbench/plugins/fr.ac6.mcu.externaltools.arm-none.win32_1.17.0.201812190825/tools/compiler/bin/../lib/gcc/arm-none-eabi/7.3.1/../../../../arm-none-eabi/lib/thumb/v7e-m/fpv4-sp/hard\libc_nano.a(lib_a-init.o)
 .ARM.attributes
                0x00000437       0x34 c:/ac6/systemworkbench/plugins/fr.ac6.mcu.externaltools.arm-none.win32_1.17.0.201812190825/tools/compiler/bin/../lib/gcc/arm-none-eabi/7.3.1/../../../../arm-none-eabi/lib/thumb/v7e-m/fpv4-sp/hard\libc_nano.a(lib_a-memset.o)
 .ARM.attributes
                0x0000046b       0x34 c:/ac6/systemworkbench/plugins/fr.ac6.mcu.externaltools.arm-none.win32_1.17.0.201812190825/tools/compiler/bin/../lib/gcc/arm-none-eabi/7.3.1/../../../../arm-none-eabi/lib/thumb/v7e-m/fpv4-sp/hard\libc_nano.a(lib_a-sprintf.o)
 .ARM.attributes
                0x0000049f       0x34 c:/ac6/systemworkbench/plugins/fr.ac6.mcu.externaltools.arm-none.win32_1.17.0.201812190825/tools/compiler/bin/../lib/gcc/arm-none-eabi/7.3.1/../../../../arm-none-eabi/lib/thumb/v7e-m/fpv4-sp/hard\libc_nano.a(lib_a-nano-svfprintf.o)
 .ARM.attributes
                0x000004d3       0x34 c:/ac6/systemworkbench/plugins/fr.ac6.mcu.externaltools.arm-none.win32_1.17.0.201812190825/tools/compiler/bin/../lib/gcc/arm-none-eabi/7.3.1/../../../../arm-none-eabi/lib/thumb/v7e-m/fpv4-sp/hard\libc_nano.a(lib_a-nano-vfprintf_i.o)
 .ARM.attributes
                0x00000507       0x20 c:/ac6/systemworkbench/plugins/fr.ac6.mcu.externaltools.arm-none.win32_1.17.0.201812190825/tools/compiler/bin/../lib/gcc/arm-none-eabi/7.3.1/../../../../arm-none-eabi/lib/thumb/v7e-m/fpv4-sp/hard\libc_nano.a(lib_a-memchr.o)
 .ARM.attributes
                0x00000527       0x34 c:/ac6/systemworkbench/plugins/fr.ac6.mcu.externaltools.arm-none.win32_1.17.0.201812190825/tools/compiler/bin/../lib/gcc/arm-none-eabi/7.3.1/../../../../arm-none-eabi/lib/thumb/v7e-m/fpv4-sp/hard\libc_nano.a(lib_a-memcpy-stub.o)
 .ARM.attributes
                0x0000055b       0x34 c:/ac6/systemworkbench/plugins/fr.ac6.mcu.externaltools.arm-none.win32_1.17.0.201812190825/tools/compiler/bin/../lib/gcc/arm-none-eabi/7.3.1/../../../../arm-none-eabi/lib/thumb/v7e-m/fpv4-sp/hard\libc_nano.a(lib_a-memmove.o)
 .ARM.attributes
                0x0000058f       0x34 c:/ac6/systemworkbench/plugins/fr.ac6.mcu.externaltools.arm-none.win32_1.17.0.201812190825/tools/compiler/bin/../lib/gcc/arm-none-eabi/7.3.1/../../../../arm-none-eabi/lib/thumb/v7e-m/fpv4-sp/hard\libc_nano.a(lib_a-nano-freer.o)
 .ARM.attributes
                0x000005c3       0x34 c:/ac6/systemworkbench/plugins/fr.ac6.mcu.externaltools.arm-none.win32_1.17.0.201812190825/tools/compiler/bin/../lib/gcc/arm-none-eabi/7.3.1/../../../../arm-none-eabi/lib/thumb/v7e-m/fpv4-sp/hard\libc_nano.a(lib_a-nano-mallocr.o)
 .ARM.attributes
                0x000005f7       0x34 c:/ac6/systemworkbench/plugins/fr.ac6.mcu.externaltools.arm-none.win32_1.17.0.201812190825/tools/compiler/bin/../lib/gcc/arm-none-eabi/7.3.1/../../../../arm-none-eabi/lib/thumb/v7e-m/fpv4-sp/hard\libc_nano.a(lib_a-nano-reallocr.o)
 .ARM.attributes
                0x0000062b       0x34 c:/ac6/systemworkbench/plugins/fr.ac6.mcu.externaltools.arm-none.win32_1.17.0.201812190825/tools/compiler/bin/../lib/gcc/arm-none-eabi/7.3.1/../../../../arm-none-eabi/lib/thumb/v7e-m/fpv4-sp/hard\libc_nano.a(lib_a-sbrkr.o)
 .ARM.attributes
                0x0000065f       0x34 c:/ac6/systemworkbench/plugins/fr.ac6.mcu.externaltools.arm-none.win32_1.17.0.201812190825/tools/compiler/bin/../lib/gcc/arm-none-eabi/7.3.1/../../../../arm-none-eabi/lib/thumb/v7e-m/fpv4-sp/hard\libc_nano.a(lib_a-mlock.o)
 .ARM.attributes
                0x00000693       0x34 c:/ac6/systemworkbench/plugins/fr.ac6.mcu.externaltools.arm-none.win32_1.17.0.201812190825/tools/compiler/bin/../lib/gcc/arm-none-eabi/7.3.1/../../../../arm-none-eabi/lib/thumb/v7e-m/fpv4-sp/hard\libc_nano.a(lib_a-nano-msizer.o)
 .ARM.attributes
                0x000006c7       0x34 c:/ac6/systemworkbench/plugins/fr.ac6.mcu.externaltools.arm-none.win32_1.17.0.201812190825/tools/compiler/bin/../lib/gcc/arm-none-eabi/7.3.1/../../../../arm-none-eabi/lib/thumb/v7e-m/fpv4-sp/hard\libc_nano.a(lib_a-reent.o)
 .ARM.attributes
                0x000006fb       0x22 c:/ac6/systemworkbench/plugins/fr.ac6.mcu.externaltools.arm-none.win32_1.17.0.201812190825/tools/compiler/bin/../lib/gcc/arm-none-eabi/7.3.1/thumb/v7e-m/fpv4-sp/hard/crtn.o
OUTPUT(test_1.elf elf32-littlearm)

.debug_line     0x00000000     0x6bd4
 .debug_line    0x00000000       0x9d Application/SW4STM32/startup_stm32f411xe.o
 .debug_line    0x0000009d      0x5f3 Application/SW4STM32/syscalls.o
 .debug_line    0x00000690      0x78a Application/User/Core/main.o
 .debug_line    0x00000e1a      0x74f Application/User/Core/stm32f4xx_hal_msp.o
 .debug_line    0x00001569      0x78b Application/User/Core/stm32f4xx_it.o
 .debug_line    0x00001cf4      0x6da Drivers/CMSIS/system_stm32f4xx.o
 .debug_line    0x000023ce      0x8ad Drivers/STM32F4xx_HAL_Driver/stm32f4xx_hal.o
 .debug_line    0x00002c7b      0xb4d Drivers/STM32F4xx_HAL_Driver/stm32f4xx_hal_adc.o
 .debug_line    0x000037c8      0x903 Drivers/STM32F4xx_HAL_Driver/stm32f4xx_hal_cortex.o
 .debug_line    0x000040cb      0x9da Drivers/STM32F4xx_HAL_Driver/stm32f4xx_hal_dma.o
 .debug_line    0x00004aa5      0x81b Drivers/STM32F4xx_HAL_Driver/stm32f4xx_hal_gpio.o
 .debug_line    0x000052c0      0x925 Drivers/STM32F4xx_HAL_Driver/stm32f4xx_hal_rcc.o
 .debug_line    0x00005be5      0xfef Drivers/STM32F4xx_HAL_Driver/stm32f4xx_hal_uart.o

.debug_info     0x00000000     0x9813
 .debug_info    0x00000000       0x22 Application/SW4STM32/startup_stm32f411xe.o
 .debug_info    0x00000022      0xfd3 Application/SW4STM32/syscalls.o
 .debug_info    0x00000ff5     0x1381 Application/User/Core/main.o
 .debug_info    0x00002376      0xf4b Application/User/Core/stm32f4xx_hal_msp.o
 .debug_info    0x000032c1      0x6e8 Application/User/Core/stm32f4xx_it.o
 .debug_info    0x000039a9      0x531 Drivers/CMSIS/system_stm32f4xx.o
 .debug_info    0x00003eda      0x960 Drivers/STM32F4xx_HAL_Driver/stm32f4xx_hal.o
 .debug_info    0x0000483a      0xdb9 Drivers/STM32F4xx_HAL_Driver/stm32f4xx_hal_adc.o
 .debug_info    0x000055f3      0xeaa Drivers/STM32F4xx_HAL_Driver/stm32f4xx_hal_cortex.o
 .debug_info    0x0000649d      0xa53 Drivers/STM32F4xx_HAL_Driver/stm32f4xx_hal_dma.o
 .debug_info    0x00006ef0      0x798 Drivers/STM32F4xx_HAL_Driver/stm32f4xx_hal_gpio.o
 .debug_info    0x00007688      0xa63 Drivers/STM32F4xx_HAL_Driver/stm32f4xx_hal_rcc.o
 .debug_info    0x000080eb     0x1728 Drivers/STM32F4xx_HAL_Driver/stm32f4xx_hal_uart.o

.debug_abbrev   0x00000000     0x1a47
 .debug_abbrev  0x00000000       0x12 Application/SW4STM32/startup_stm32f411xe.o
 .debug_abbrev  0x00000012      0x2d4 Application/SW4STM32/syscalls.o
 .debug_abbrev  0x000002e6      0x285 Application/User/Core/main.o
 .debug_abbrev  0x0000056b      0x1c5 Application/User/Core/stm32f4xx_hal_msp.o
 .debug_abbrev  0x00000730      0x187 Application/User/Core/stm32f4xx_it.o
 .debug_abbrev  0x000008b7      0x111 Drivers/CMSIS/system_stm32f4xx.o
 .debug_abbrev  0x000009c8      0x21c Drivers/STM32F4xx_HAL_Driver/stm32f4xx_hal.o
 .debug_abbrev  0x00000be4      0x20a Drivers/STM32F4xx_HAL_Driver/stm32f4xx_hal_adc.o
 .debug_abbrev  0x00000dee      0x328 Drivers/STM32F4xx_HAL_Driver/stm32f4xx_hal_cortex.o
 .debug_abbrev  0x00001116      0x258 Drivers/STM32F4xx_HAL_Driver/stm32f4xx_hal_dma.o
 .debug_abbrev  0x0000136e      0x1e7 Drivers/STM32F4xx_HAL_Driver/stm32f4xx_hal_gpio.o
 .debug_abbrev  0x00001555      0x273 Drivers/STM32F4xx_HAL_Driver/stm32f4xx_hal_rcc.o
 .debug_abbrev  0x000017c8      0x27f Drivers/STM32F4xx_HAL_Driver/stm32f4xx_hal_uart.o

.debug_aranges  0x00000000      0x7e0
 .debug_aranges
                0x00000000       0x28 Application/SW4STM32/startup_stm32f411xe.o
 .debug_aranges
                0x00000028       0xb0 Application/SW4STM32/syscalls.o
 .debug_aranges
                0x000000d8       0x60 Application/User/Core/main.o
 .debug_aranges
                0x00000138       0x40 Application/User/Core/stm32f4xx_hal_msp.o
 .debug_aranges
                0x00000178       0x80 Application/User/Core/stm32f4xx_it.o
 .debug_aranges
                0x000001f8       0x28 Drivers/CMSIS/system_stm32f4xx.o
 .debug_aranges
                0x00000220       0xf0 Drivers/STM32F4xx_HAL_Driver/stm32f4xx_hal.o
 .debug_aranges
                0x00000310       0xe8 Drivers/STM32F4xx_HAL_Driver/stm32f4xx_hal_adc.o
 .debug_aranges
                0x000003f8       0xa8 Drivers/STM32F4xx_HAL_Driver/stm32f4xx_hal_cortex.o
 .debug_aranges
                0x000004a0       0x90 Drivers/STM32F4xx_HAL_Driver/stm32f4xx_hal_dma.o
 .debug_aranges
                0x00000530       0x58 Drivers/STM32F4xx_HAL_Driver/stm32f4xx_hal_gpio.o
 .debug_aranges
                0x00000588       0x88 Drivers/STM32F4xx_HAL_Driver/stm32f4xx_hal_rcc.o
 .debug_aranges
                0x00000610      0x1d0 Drivers/STM32F4xx_HAL_Driver/stm32f4xx_hal_uart.o

.debug_str      0x00000000    0x8a30f
 .debug_str     0x00000000       0x83 Application/SW4STM32/startup_stm32f411xe.o
 .debug_str     0x00000083     0x836d Application/SW4STM32/syscalls.o
                               0x85df (size before relaxing)
 .debug_str     0x000083f0    0x803c4 Application/User/Core/main.o
                              0x83b01 (size before relaxing)
 .debug_str     0x000887b4       0xf2 Application/User/Core/stm32f4xx_hal_msp.o
                              0x838ea (size before relaxing)
 .debug_str     0x000888a6      0x167 Application/User/Core/stm32f4xx_it.o
                              0x8325e (size before relaxing)
 .debug_str     0x00088a0d       0xe1 Drivers/CMSIS/system_stm32f4xx.o
                              0x82dd9 (size before relaxing)
 .debug_str     0x00088aee      0x617 Drivers/STM32F4xx_HAL_Driver/stm32f4xx_hal.o
                              0x83807 (size before relaxing)
 .debug_str     0x00089105      0x2b3 Drivers/STM32F4xx_HAL_Driver/stm32f4xx_hal_adc.o
                              0x833ac (size before relaxing)
 .debug_str     0x000893b8      0x343 Drivers/STM32F4xx_HAL_Driver/stm32f4xx_hal_cortex.o
                              0x8352b (size before relaxing)
 .debug_str     0x000896fb      0x2ec Drivers/STM32F4xx_HAL_Driver/stm32f4xx_hal_dma.o
                              0x831e8 (size before relaxing)
 .debug_str     0x000899e7      0x1f9 Drivers/STM32F4xx_HAL_Driver/stm32f4xx_hal_gpio.o
                              0x83018 (size before relaxing)
 .debug_str     0x00089be0      0x245 Drivers/STM32F4xx_HAL_Driver/stm32f4xx_hal_rcc.o
                              0x831e2 (size before relaxing)
 .debug_str     0x00089e25      0x4ea Drivers/STM32F4xx_HAL_Driver/stm32f4xx_hal_uart.o
                              0x83671 (size before relaxing)

.debug_ranges   0x00000000      0x790
 .debug_ranges  0x00000000       0x20 Application/SW4STM32/startup_stm32f411xe.o
 .debug_ranges  0x00000020       0xa0 Application/SW4STM32/syscalls.o
 .debug_ranges  0x000000c0       0x50 Application/User/Core/main.o
 .debug_ranges  0x00000110       0x30 Application/User/Core/stm32f4xx_hal_msp.o
 .debug_ranges  0x00000140       0x70 Application/User/Core/stm32f4xx_it.o
 .debug_ranges  0x000001b0       0x18 Drivers/CMSIS/system_stm32f4xx.o
 .debug_ranges  0x000001c8       0xe0 Drivers/STM32F4xx_HAL_Driver/stm32f4xx_hal.o
 .debug_ranges  0x000002a8       0xd8 Drivers/STM32F4xx_HAL_Driver/stm32f4xx_hal_adc.o
 .debug_ranges  0x00000380       0xf8 Drivers/STM32F4xx_HAL_Driver/stm32f4xx_hal_cortex.o
 .debug_ranges  0x00000478       0x80 Drivers/STM32F4xx_HAL_Driver/stm32f4xx_hal_dma.o
 .debug_ranges  0x000004f8       0x48 Drivers/STM32F4xx_HAL_Driver/stm32f4xx_hal_gpio.o
 .debug_ranges  0x00000540       0x90 Drivers/STM32F4xx_HAL_Driver/stm32f4xx_hal_rcc.o
 .debug_ranges  0x000005d0      0x1c0 Drivers/STM32F4xx_HAL_Driver/stm32f4xx_hal_uart.o

.debug_loc      0x00000000     0x3f40
 .debug_loc     0x00000000      0x3af Application/SW4STM32/syscalls.o
 .debug_loc     0x000003af       0x4d Application/User/Core/main.o
 .debug_loc     0x000003fc       0xc6 Application/User/Core/stm32f4xx_hal_msp.o
 .debug_loc     0x000004c2      0x13e Drivers/CMSIS/system_stm32f4xx.o
 .debug_loc     0x00000600       0xfd Drivers/STM32F4xx_HAL_Driver/stm32f4xx_hal.o
 .debug_loc     0x000006fd      0x950 Drivers/STM32F4xx_HAL_Driver/stm32f4xx_hal_adc.o
 .debug_loc     0x0000104d      0x5ce Drivers/STM32F4xx_HAL_Driver/stm32f4xx_hal_cortex.o
 .debug_loc     0x0000161b      0xb4e Drivers/STM32F4xx_HAL_Driver/stm32f4xx_hal_dma.o
 .debug_loc     0x00002169      0x497 Drivers/STM32F4xx_HAL_Driver/stm32f4xx_hal_gpio.o
 .debug_loc     0x00002600      0x3f1 Drivers/STM32F4xx_HAL_Driver/stm32f4xx_hal_rcc.o
 .debug_loc     0x000029f1     0x154f Drivers/STM32F4xx_HAL_Driver/stm32f4xx_hal_uart.o

.debug_macro    0x00000000    0x163bd
 .debug_macro   0x00000000      0x243 Application/SW4STM32/syscalls.o
 .debug_macro   0x00000243      0xa60 Application/SW4STM32/syscalls.o
 .debug_macro   0x00000ca3       0x22 Application/SW4STM32/syscalls.o
 .debug_macro   0x00000cc5       0x58 Application/SW4STM32/syscalls.o
 .debug_macro   0x00000d1d       0x18 Application/SW4STM32/syscalls.o
 .debug_macro   0x00000d35       0x94 Application/SW4STM32/syscalls.o
 .debug_macro   0x00000dc9       0x35 Application/SW4STM32/syscalls.o
 .debug_macro   0x00000dfe       0x34 Application/SW4STM32/syscalls.o
 .debug_macro   0x00000e32       0x57 Application/SW4STM32/syscalls.o
 .debug_macro   0x00000e89      0x174 Application/SW4STM32/syscalls.o
 .debug_macro   0x00000ffd      0x330 Application/SW4STM32/syscalls.o
 .debug_macro   0x0000132d       0x58 Application/SW4STM32/syscalls.o
 .debug_macro   0x00001385       0x1f Application/SW4STM32/syscalls.o
 .debug_macro   0x000013a4       0x43 Application/SW4STM32/syscalls.o
 .debug_macro   0x000013e7       0x20 Application/SW4STM32/syscalls.o
 .debug_macro   0x00001407      0x18e Application/SW4STM32/syscalls.o
 .debug_macro   0x00001595       0x10 Application/SW4STM32/syscalls.o
 .debug_macro   0x000015a5       0x35 Application/SW4STM32/syscalls.o
 .debug_macro   0x000015da       0x10 Application/SW4STM32/syscalls.o
 .debug_macro   0x000015ea       0x10 Application/SW4STM32/syscalls.o
 .debug_macro   0x000015fa       0x10 Application/SW4STM32/syscalls.o
 .debug_macro   0x0000160a       0x6a Application/SW4STM32/syscalls.o
 .debug_macro   0x00001674       0x1c Application/SW4STM32/syscalls.o
 .debug_macro   0x00001690       0x52 Application/SW4STM32/syscalls.o
 .debug_macro   0x000016e2       0x40 Application/SW4STM32/syscalls.o
 .debug_macro   0x00001722       0x10 Application/SW4STM32/syscalls.o
 .debug_macro   0x00001732       0x40 Application/SW4STM32/syscalls.o
 .debug_macro   0x00001772       0xd7 Application/SW4STM32/syscalls.o
 .debug_macro   0x00001849       0x1c Application/SW4STM32/syscalls.o
 .debug_macro   0x00001865       0x3d Application/SW4STM32/syscalls.o
 .debug_macro   0x000018a2       0x35 Application/SW4STM32/syscalls.o
 .debug_macro   0x000018d7      0x122 Application/SW4STM32/syscalls.o
 .debug_macro   0x000019f9       0x16 Application/SW4STM32/syscalls.o
 .debug_macro   0x00001a0f       0x16 Application/SW4STM32/syscalls.o
 .debug_macro   0x00001a25       0x29 Application/SW4STM32/syscalls.o
 .debug_macro   0x00001a4e       0x10 Application/SW4STM32/syscalls.o
 .debug_macro   0x00001a5e      0x241 Application/SW4STM32/syscalls.o
 .debug_macro   0x00001c9f       0x1c Application/SW4STM32/syscalls.o
 .debug_macro   0x00001cbb       0x10 Application/SW4STM32/syscalls.o
 .debug_macro   0x00001ccb       0x10 Application/SW4STM32/syscalls.o
 .debug_macro   0x00001cdb       0x16 Application/SW4STM32/syscalls.o
 .debug_macro   0x00001cf1      0x16f Application/SW4STM32/syscalls.o
 .debug_macro   0x00001e60      0x189 Application/SW4STM32/syscalls.o
 .debug_macro   0x00001fe9       0x16 Application/SW4STM32/syscalls.o
 .debug_macro   0x00001fff       0x88 Application/SW4STM32/syscalls.o
 .debug_macro   0x00002087      0x1e2 Application/User/Core/main.o
 .debug_macro   0x00002269      0x18c Application/User/Core/main.o
 .debug_macro   0x000023f5       0x32 Application/User/Core/main.o
 .debug_macro   0x00002427       0x28 Application/User/Core/main.o
 .debug_macro   0x0000244f       0x8e Application/User/Core/main.o
 .debug_macro   0x000024dd       0x51 Application/User/Core/main.o
 .debug_macro   0x0000252e       0xef Application/User/Core/main.o
 .debug_macro   0x0000261d      0x1df Application/User/Core/main.o
 .debug_macro   0x000027fc       0x1c Application/User/Core/main.o
 .debug_macro   0x00002818       0x22 Application/User/Core/main.o
 .debug_macro   0x0000283a       0xdf Application/User/Core/main.o
 .debug_macro   0x00002919     0x102d Application/User/Core/main.o
 .debug_macro   0x00003946      0x11f Application/User/Core/main.o
 .debug_macro   0x00003a65     0xb93e Application/User/Core/main.o
 .debug_macro   0x0000f3a3       0x43 Application/User/Core/main.o
 .debug_macro   0x0000f3e6     0x35d4 Application/User/Core/main.o
 .debug_macro   0x000129ba       0x4e Application/User/Core/main.o
 .debug_macro   0x00012a08      0x447 Application/User/Core/main.o
 .debug_macro   0x00012e4f      0x9fe Application/User/Core/main.o
 .debug_macro   0x0001384d       0xed Application/User/Core/main.o
 .debug_macro   0x0001393a      0x117 Application/User/Core/main.o
 .debug_macro   0x00013a51      0x11b Application/User/Core/main.o
 .debug_macro   0x00013b6c       0x27 Application/User/Core/main.o
 .debug_macro   0x00013b93      0x287 Application/User/Core/main.o
 .debug_macro   0x00013e1a       0x5f Application/User/Core/main.o
 .debug_macro   0x00013e79      0x236 Application/User/Core/main.o
 .debug_macro   0x000140af      0x391 Application/User/Core/main.o
 .debug_macro   0x00014440      0x17d Application/User/Core/main.o
 .debug_macro   0x000145bd       0xf9 Application/User/Core/main.o
 .debug_macro   0x000146b6      0x132 Application/User/Core/main.o
 .debug_macro   0x000147e8      0x264 Application/User/Core/main.o
 .debug_macro   0x00014a4c       0x2e Application/User/Core/main.o
 .debug_macro   0x00014a7a      0x11a Application/User/Core/main.o
 .debug_macro   0x00014b94       0x85 Application/User/Core/main.o
 .debug_macro   0x00014c19       0x89 Application/User/Core/main.o
 .debug_macro   0x00014ca2      0x287 Application/User/Core/main.o
 .debug_macro   0x00014f29      0x126 Application/User/Core/main.o
 .debug_macro   0x0001504f       0x40 Application/User/Core/main.o
 .debug_macro   0x0001508f      0x1e2 Application/User/Core/stm32f4xx_hal_msp.o
 .debug_macro   0x00015271      0x1ec Application/User/Core/stm32f4xx_it.o
 .debug_macro   0x0001545d      0x1d9 Drivers/CMSIS/system_stm32f4xx.o
 .debug_macro   0x00015636      0x233 Drivers/STM32F4xx_HAL_Driver/stm32f4xx_hal.o
 .debug_macro   0x00015869      0x1d4 Drivers/STM32F4xx_HAL_Driver/stm32f4xx_hal_adc.o
 .debug_macro   0x00015a3d      0x1d3 Drivers/STM32F4xx_HAL_Driver/stm32f4xx_hal_cortex.o
 .debug_macro   0x00015c10      0x1d9 Drivers/STM32F4xx_HAL_Driver/stm32f4xx_hal_dma.o
 .debug_macro   0x00015de9      0x209 Drivers/STM32F4xx_HAL_Driver/stm32f4xx_hal_gpio.o
 .debug_macro   0x00015ff2      0x1f7 Drivers/STM32F4xx_HAL_Driver/stm32f4xx_hal_rcc.o
 .debug_macro   0x000161e9      0x1d4 Drivers/STM32F4xx_HAL_Driver/stm32f4xx_hal_uart.o

.comment        0x00000000       0x7f
 .comment       0x00000000       0x7f Application/SW4STM32/syscalls.o
                                 0x80 (size before relaxing)
 .comment       0x0000007f       0x80 Application/User/Core/main.o
 .comment       0x0000007f       0x80 Application/User/Core/stm32f4xx_hal_msp.o
 .comment       0x0000007f       0x80 Application/User/Core/stm32f4xx_it.o
 .comment       0x0000007f       0x80 Drivers/CMSIS/system_stm32f4xx.o
 .comment       0x0000007f       0x80 Drivers/STM32F4xx_HAL_Driver/stm32f4xx_hal.o
 .comment       0x0000007f       0x80 Drivers/STM32F4xx_HAL_Driver/stm32f4xx_hal_adc.o
 .comment       0x0000007f       0x80 Drivers/STM32F4xx_HAL_Driver/stm32f4xx_hal_cortex.o
 .comment       0x0000007f       0x80 Drivers/STM32F4xx_HAL_Driver/stm32f4xx_hal_dma.o
 .comment       0x0000007f       0x80 Drivers/STM32F4xx_HAL_Driver/stm32f4xx_hal_gpio.o
 .comment       0x0000007f       0x80 Drivers/STM32F4xx_HAL_Driver/stm32f4xx_hal_rcc.o
 .comment       0x0000007f       0x80 Drivers/STM32F4xx_HAL_Driver/stm32f4xx_hal_uart.o

.debug_frame    0x00000000     0x1710
 .debug_frame   0x00000000      0x1a8 Application/SW4STM32/syscalls.o
 .debug_frame   0x000001a8      0x104 Application/User/Core/main.o
 .debug_frame   0x000002ac       0xa4 Application/User/Core/stm32f4xx_hal_msp.o
 .debug_frame   0x00000350      0x108 Application/User/Core/stm32f4xx_it.o
 .debug_frame   0x00000458       0x30 Drivers/CMSIS/system_stm32f4xx.o
 .debug_frame   0x00000488      0x1ec Drivers/STM32F4xx_HAL_Driver/stm32f4xx_hal.o
 .debug_frame   0x00000674      0x27c Drivers/STM32F4xx_HAL_Driver/stm32f4xx_hal_adc.o
 .debug_frame   0x000008f0      0x15c Drivers/STM32F4xx_HAL_Driver/stm32f4xx_hal_cortex.o
 .debug_frame   0x00000a4c      0x188 Drivers/STM32F4xx_HAL_Driver/stm32f4xx_hal_dma.o
 .debug_frame   0x00000bd4       0xd8 Drivers/STM32F4xx_HAL_Driver/stm32f4xx_hal_gpio.o
 .debug_frame   0x00000cac      0x184 Drivers/STM32F4xx_HAL_Driver/stm32f4xx_hal_rcc.o
 .debug_frame   0x00000e30      0x4f0 Drivers/STM32F4xx_HAL_Driver/stm32f4xx_hal_uart.o
 .debug_frame   0x00001320       0x2c c:/ac6/systemworkbench/plugins/fr.ac6.mcu.externaltools.arm-none.win32_1.17.0.201812190825/tools/compiler/bin/../lib/gcc/arm-none-eabi/7.3.1/thumb/v7e-m/fpv4-sp/hard\libgcc.a(_aeabi_uldivmod.o)
 .debug_frame   0x0000134c       0x34 c:/ac6/systemworkbench/plugins/fr.ac6.mcu.externaltools.arm-none.win32_1.17.0.201812190825/tools/compiler/bin/../lib/gcc/arm-none-eabi/7.3.1/thumb/v7e-m/fpv4-sp/hard\libgcc.a(_udivmoddi4.o)
 .debug_frame   0x00001380       0x20 c:/ac6/systemworkbench/plugins/fr.ac6.mcu.externaltools.arm-none.win32_1.17.0.201812190825/tools/compiler/bin/../lib/gcc/arm-none-eabi/7.3.1/../../../../arm-none-eabi/lib/thumb/v7e-m/fpv4-sp/hard\libc_nano.a(lib_a-errno.o)
 .debug_frame   0x000013a0       0x2c c:/ac6/systemworkbench/plugins/fr.ac6.mcu.externaltools.arm-none.win32_1.17.0.201812190825/tools/compiler/bin/../lib/gcc/arm-none-eabi/7.3.1/../../../../arm-none-eabi/lib/thumb/v7e-m/fpv4-sp/hard\libc_nano.a(lib_a-init.o)
 .debug_frame   0x000013cc       0x20 c:/ac6/systemworkbench/plugins/fr.ac6.mcu.externaltools.arm-none.win32_1.17.0.201812190825/tools/compiler/bin/../lib/gcc/arm-none-eabi/7.3.1/../../../../arm-none-eabi/lib/thumb/v7e-m/fpv4-sp/hard\libc_nano.a(lib_a-memset.o)
 .debug_frame   0x000013ec       0x6c c:/ac6/systemworkbench/plugins/fr.ac6.mcu.externaltools.arm-none.win32_1.17.0.201812190825/tools/compiler/bin/../lib/gcc/arm-none-eabi/7.3.1/../../../../arm-none-eabi/lib/thumb/v7e-m/fpv4-sp/hard\libc_nano.a(lib_a-sprintf.o)
 .debug_frame   0x00001458       0x90 c:/ac6/systemworkbench/plugins/fr.ac6.mcu.externaltools.arm-none.win32_1.17.0.201812190825/tools/compiler/bin/../lib/gcc/arm-none-eabi/7.3.1/../../../../arm-none-eabi/lib/thumb/v7e-m/fpv4-sp/hard\libc_nano.a(lib_a-nano-svfprintf.o)
 .debug_frame   0x000014e8       0x60 c:/ac6/systemworkbench/plugins/fr.ac6.mcu.externaltools.arm-none.win32_1.17.0.201812190825/tools/compiler/bin/../lib/gcc/arm-none-eabi/7.3.1/../../../../arm-none-eabi/lib/thumb/v7e-m/fpv4-sp/hard\libc_nano.a(lib_a-nano-vfprintf_i.o)
 .debug_frame   0x00001548       0x28 c:/ac6/systemworkbench/plugins/fr.ac6.mcu.externaltools.arm-none.win32_1.17.0.201812190825/tools/compiler/bin/../lib/gcc/arm-none-eabi/7.3.1/../../../../arm-none-eabi/lib/thumb/v7e-m/fpv4-sp/hard\libc_nano.a(lib_a-memcpy-stub.o)
 .debug_frame   0x00001570       0x28 c:/ac6/systemworkbench/plugins/fr.ac6.mcu.externaltools.arm-none.win32_1.17.0.201812190825/tools/compiler/bin/../lib/gcc/arm-none-eabi/7.3.1/../../../../arm-none-eabi/lib/thumb/v7e-m/fpv4-sp/hard\libc_nano.a(lib_a-memmove.o)
 .debug_frame   0x00001598       0x38 c:/ac6/systemworkbench/plugins/fr.ac6.mcu.externaltools.arm-none.win32_1.17.0.201812190825/tools/compiler/bin/../lib/gcc/arm-none-eabi/7.3.1/../../../../arm-none-eabi/lib/thumb/v7e-m/fpv4-sp/hard\libc_nano.a(lib_a-nano-freer.o)
 .debug_frame   0x000015d0       0x2c c:/ac6/systemworkbench/plugins/fr.ac6.mcu.externaltools.arm-none.win32_1.17.0.201812190825/tools/compiler/bin/../lib/gcc/arm-none-eabi/7.3.1/../../../../arm-none-eabi/lib/thumb/v7e-m/fpv4-sp/hard\libc_nano.a(lib_a-nano-mallocr.o)
 .debug_frame   0x000015fc       0x3c c:/ac6/systemworkbench/plugins/fr.ac6.mcu.externaltools.arm-none.win32_1.17.0.201812190825/tools/compiler/bin/../lib/gcc/arm-none-eabi/7.3.1/../../../../arm-none-eabi/lib/thumb/v7e-m/fpv4-sp/hard\libc_nano.a(lib_a-nano-reallocr.o)
 .debug_frame   0x00001638       0x2c c:/ac6/systemworkbench/plugins/fr.ac6.mcu.externaltools.arm-none.win32_1.17.0.201812190825/tools/compiler/bin/../lib/gcc/arm-none-eabi/7.3.1/../../../../arm-none-eabi/lib/thumb/v7e-m/fpv4-sp/hard\libc_nano.a(lib_a-sbrkr.o)
 .debug_frame   0x00001664       0x30 c:/ac6/systemworkbench/plugins/fr.ac6.mcu.externaltools.arm-none.win32_1.17.0.201812190825/tools/compiler/bin/../lib/gcc/arm-none-eabi/7.3.1/../../../../arm-none-eabi/lib/thumb/v7e-m/fpv4-sp/hard\libc_nano.a(lib_a-mlock.o)
 .debug_frame   0x00001694       0x20 c:/ac6/systemworkbench/plugins/fr.ac6.mcu.externaltools.arm-none.win32_1.17.0.201812190825/tools/compiler/bin/../lib/gcc/arm-none-eabi/7.3.1/../../../../arm-none-eabi/lib/thumb/v7e-m/fpv4-sp/hard\libc_nano.a(lib_a-nano-msizer.o)
 .debug_frame   0x000016b4       0x5c c:/ac6/systemworkbench/plugins/fr.ac6.mcu.externaltools.arm-none.win32_1.17.0.201812190825/tools/compiler/bin/../lib/gcc/arm-none-eabi/7.3.1/../../../../arm-none-eabi/lib/thumb/v7e-m/fpv4-sp/hard\libc_nano.a(lib_a-reent.o)
